Traceback (most recent call last):
  File "C:\Users\avidal\OneDrive - IL State University\Documents\Behavior Analysis\LabTools_Reorganization\tmp\release_runtime_offline_v10_3b\Lib\site-packages\matplotlib\cbook.py", line 390, in process
    func(*args, **kwargs)
    ~~~~^^^^^^^^^^^^^^^^^
  File "C:\Users\avidal\OneDrive - IL State University\Documents\Behavior Analysis\LabTools_Reorganization\staged\tools\worm_kinematics\dic_tracker\run_dic_kinematics.py", line 237, in on_key
    self.review_segmentation()
    ~~~~~~~~~~~~~~~~~~~~~~~~^^
  File "C:\Users\avidal\OneDrive - IL State University\Documents\Behavior Analysis\LabTools_Reorganization\staged\tools\worm_kinematics\dic_tracker\run_dic_kinematics.py", line 299, in review_segmentation
    window = SegmentationReviewWindow(
        root, frames, source=source_path, save_dir=save_dir,
        tool_name="track_one_worm", frame_numbers=indices)
  File "C:\Users\avidal\OneDrive - IL State University\Documents\Behavior Analysis\LabTools_Reorganization\staged\app\segmentation_review.py", line 387, in __init__
    self._draw()
    ~~~~~~~~~~^^
  File "C:\Users\avidal\OneDrive - IL State University\Documents\Behavior Analysis\LabTools_Reorganization\staged\app\segmentation_review.py", line 507, in _draw
    self._images.append(image); label.configure(image=image)
                                ~~~~~~~~~~~~~~~^^^^^^^^^^^^^
  File "C:\Users\avidal\OneDrive - IL State University\Documents\Behavior Analysis\LabTools_Reorganization\tmp\release_python313_v10_3b\Lib\tkinter\__init__.py", line 1828, in configure
    return self._configure('configure', cnf, kw)
           ~~~~~~~~~~~~~~~^^^^^^^^^^^^^^^^^^^^^^
  File "C:\Users\avidal\OneDrive - IL State University\Documents\Behavior Analysis\LabTools_Reorganization\tmp\release_python313_v10_3b\Lib\tkinter\__init__.py", line 1812, in _configure
    self.tk.call(_flatten((self._w, cmd)) + self._options(cnf))
    ~~~~~~~~~~~~^^^^^^^^^^^^^^^^^^^^^^^^^^^^^^^^^^^^^^^^^^^^^^^
_tkinter.TclError: image "pyimage18" doesn't exist

During handling of the above exception, another exception occurred:

Traceback (most recent call last):
  File "C:\Users\avidal\OneDrive - IL State University\Documents\Behavior Analysis\LabTools_Reorganization\tmp\release_python313_v10_3b\Lib\tkinter\__init__.py", line 2079, in __call__
    return self.func(*args)
           ~~~~~~~~~^^^^^^^
  File "C:\Users\avidal\OneDrive - IL State University\Documents\Behavior Analysis\LabTools_Reorganization\tmp\release_runtime_offline_v10_3b\Lib\site-packages\matplotlib\backends\_backend_tk.py", line 460, in key_press
    guiEvent=event)._process()
                    ~~~~~~~~^^
  File "C:\Users\avidal\OneDrive - IL State University\Documents\Behavior Analysis\LabTools_Reorganization\tmp\release_runtime_offline_v10_3b\Lib\site-packages\matplotlib\backend_bases.py", line 1202, in _process
    self.canvas.callbacks.process(self.name, self)
    ~~~~~~~~~~~~~~~~~~~~~~~~~~~~~^^^^^^^^^^^^^^^^^
  File "C:\Users\avidal\OneDrive - IL State University\Documents\Behavior Analysis\LabTools_Reorganization\tmp\release_runtime_offline_v10_3b\Lib\site-packages\matplotlib\cbook.py", line 395, in process
    self.exception_handler(exc)
    ~~~~~~~~~~~~~~~~~~~~~~^^^^^
  File "C:\Users\avidal\OneDrive - IL State University\Documents\Behavior Analysis\LabTools_Reorganization\tmp\release_runtime_offline_v10_3b\Lib\site-packages\matplotlib\cbook.py", line 116, in _exception_printer
    traceback.print_exc()
    ~~~~~~~~~~~~~~~~~~~^^
  File "C:\Users\avidal\OneDrive - IL State University\Documents\Behavior Analysis\LabTools_Reorganization\tmp\release_python313_v10_3b\Lib\traceback.py", line 208, in print_exc
    print_exception(sys.exception(), limit=limit, file=file, chain=chain)
    ~~~~~~~~~~~~~~~^^^^^^^^^^^^^^^^^^^^^^^^^^^^^^^^^^^^^^^^^^^^^^^^^^^^^^
  File "C:\Users\avidal\OneDrive - IL State University\Documents\Behavior Analysis\LabTools_Reorganization\tmp\release_python313_v10_3b\Lib\traceback.py", line 130, in print_exception
    te.print(file=file, chain=chain, colorize=colorize)
    ~~~~~~~~^^^^^^^^^^^^^^^^^^^^^^^^^^^^^^^^^^^^^^^^^^^
  File "C:\Users\avidal\OneDrive - IL State University\Documents\Behavior Analysis\LabTools_Reorganization\tmp\release_python313_v10_3b\Lib\traceback.py", line 1469, in print
    print(line, file=file, end="")
    ~~~~~^^^^^^^^^^^^^^^^^^^^^^^^^
OSError: [Errno 22] Invalid argument

During handling of the above exception, another exception occurred:

Traceback (most recent call last):
  File "C:\Users\avidal\OneDrive - IL State University\Documents\Behavior Analysis\LabTools_Reorganization\staged\tools\worm_kinematics\dic_tracker\run_dic_kinematics.py", line 489, in <module>
    main()
    ~~~~^^
  File "C:\Users\avidal\OneDrive - IL State University\Documents\Behavior Analysis\LabTools_Reorganization\staged\tools\worm_kinematics\dic_tracker\run_dic_kinematics.py", line 459, in main
    reviewer.run()
    ~~~~~~~~~~~~^^
  File "C:\Users\avidal\OneDrive - IL State University\Documents\Behavior Analysis\LabTools_Reorganization\staged\tools\worm_kinematics\dic_tracker\run_dic_kinematics.py", line 326, in run
    self.plt.show()
    ~~~~~~~~~~~~~^^
  File "C:\Users\avidal\OneDrive - IL State University\Documents\Behavior Analysis\LabTools_Reorganization\tmp\release_runtime_offline_v10_3b\Lib\site-packages\matplotlib\pyplot.py", line 646, in show
    return _get_backend_mod().show(*args, **kwargs)
           ~~~~~~~~~~~~~~~~~~~~~~~^^^^^^^^^^^^^^^^^
  File "C:\Users\avidal\OneDrive - IL State University\Documents\Behavior Analysis\LabTools_Reorganization\tmp\release_runtime_offline_v10_3b\Lib\site-packages\matplotlib\backend_bases.py", line 3702, in show
    cls.mainloop()
    ~~~~~~~~~~~~^^
  File "C:\Users\avidal\OneDrive - IL State University\Documents\Behavior Analysis\LabTools_Reorganization\tmp\release_runtime_offline_v10_3b\Lib\site-packages\matplotlib\backends\_backend_tk.py", line 582, in start_main_loop
    first_manager.window.mainloop()
    ~~~~~~~~~~~~~~~~~~~~~~~~~~~~~^^
  File "C:\Users\avidal\OneDrive - IL State University\Documents\Behavior Analysis\LabTools_Reorganization\tmp\release_python313_v10_3b\Lib\tkinter\__init__.py", line 1599, in mainloop
    self.tk.mainloop(n)
    ~~~~~~~~~~~~~~~~^^^
  File "C:\Users\avidal\OneDrive - IL State University\Documents\Behavior Analysis\LabTools_Reorganization\tmp\release_python313_v10_3b\Lib\tkinter\__init__.py", line 2083, in __call__
    self.widget._report_exception()
    ~~~~~~~~~~~~~~~~~~~~~~~~~~~~~^^
  File "C:\Users\avidal\OneDrive - IL State University\Documents\Behavior Analysis\LabTools_Reorganization\tmp\release_python313_v10_3b\Lib\tkinter\__init__.py", line 1788, in _report_exception
    root.report_callback_exception(exc, val, tb)
    ~~~~~~~~~~~~~~~~~~~~~~~~~~~~~~^^^^^^^^^^^^^^
  File "C:\Users\avidal\OneDrive - IL State University\Documents\Behavior Analysis\LabTools_Reorganization\tmp\release_python313_v10_3b\Lib\tkinter\__init__.py", line 2548, in report_callback_exception
    print("Exception in Tkinter callback", file=sys.stderr)
    ~~~~~^^^^^^^^^^^^^^^^^^^^^^^^^^^^^^^^^^^^^^^^^^^^^^^^^^
OSError: [Errno 22] Invalid argument
